
> temp-app@0.0.0 test
> vitest run


[1m[30m[46m RUN [49m[39m[22m [36mv4.1.10 [39m[90mD:/Documents/Development/fp-shifter[39m

 [31mΓ¥»[39m src/pages/LoginPage.test.jsx [2m([22m[2m5 tests[22m[2m | [22m[31m5 failed[39m[2m)[22m[32m 43[2mms[22m[39m
[31m     [31m├ù[31m renders login form by default[39m[32m 22[2mms[22m[39m
[31m     [31m├ù[31m toggles to sign up form[39m[32m 7[2mms[22m[39m
[31m     [31m├ù[31m calls signUp on submit when in signup mode[39m[32m 8[2mms[22m[39m
[31m     [31m├ù[31m calls signInWithPassword on submit when in login mode[39m[32m 3[2mms[22m[39m
[31m     [31m├ù[31m displays error message on auth failure[39m[32m 2[2mms[22m[39m
node.exe : [90mstderr[2m | src/components/Navbar/Navbar.test.jsx[2m > [22m[2mNavbar Component[2m > 
[22m[2mcalls signOut and redirects when logout is clicked
At line:1 char:1
+ & "C:\Program Files\nodejs/node.exe" "C:\Users\Avita\AppData\Roaming\ ...
+ ~~~~~~~~~~~~~~~~~~~~~~~~~~~~~~~~~~~~~~~~~~~~~~~~~~~~~~~~~~~~~~~~~~~~~
    + CategoryInfo          : NotSpecified: ([90mstderr[2m...gout is clicked:String) [], RemoteException
    + FullyQualifiedErrorId : NativeCommandError
 
[22m[39mAn update to BrowserRouter inside a test was not wrapped in act(...).

When testing, code that causes React state updates should be wrapped into act(...):

act(() => {
  /* fire events that update state */
});
/* assert on the output */

This ensures that you're testing the behavior the user would see in the browser. Learn more at 
https://react.dev/link/wrap-tests-with-act

 [31mΓ¥»[39m src/components/Navbar/Navbar.test.jsx [2m([22m[2m3 tests[22m[2m | [22m[31m2 failed[39m[2m)[22m[33m 2075[2mms[22m[39m
[31m     [31m├ù[31m renders login link when no user is logged in[39m[33m 1035[2mms[22m[39m
[31m     [31m├ù[31m renders logout button when user is logged in[39m[33m 1021[2mms[22m[39m
     [32mΓ£ô[39m calls signOut and redirects when logout is clicked[32m 18[2mms[22m[39m
 [31mΓ¥»[39m src/pages/CustomerBookingPage.test.jsx [2m([22m[2m3 tests[22m[2m | [22m[31m3 failed[39m[2m)[22m[33m 3048[2mms[22m[39m
[31m     [31m├ù[31m fetches and displays services on load[39m[33m 1032[2mms[22m[39m
[31m     [31m├ù[31m selects multiple services and calculates correct total price[39m[33m 1008[2mms[22m[39m
[31m     [31m├ù[31m requires date and time before allowing submission[39m[33m 1006[2mms[22m[39m

[31mΓÄ»ΓÄ»ΓÄ»ΓÄ»ΓÄ»ΓÄ»[39m[1m[41m Failed Tests 10 [49m[22m[31mΓÄ»ΓÄ»ΓÄ»ΓÄ»ΓÄ»ΓÄ»ΓÄ»[39m

[41m[1m FAIL [22m[49m src/pages/CustomerBookingPage.test.jsx[2m > [22mCustomerBookingPage Component[2m > 
[22mfetches and displays services on load
[31m[1mError[22m[39m: Invalid Chai property: toBeInDocument. Did you mean "toBeInTheDocument"?

Ignored nodes: comments, script, style
[36m<html>[39m
  [36m<head />[39m
  [36m<body>[39m
    [36m<div>[39m
      [36m<div[39m
        [33mclass[39m=[32m"booking-page fade-in"[39m
      [36m>[39m
        [36m<div[39m
          [33mclass[39m=[32m"booking-container"[39m
        [36m>[39m
          [36m<h1>[39m
            [0m╫ö╫û╫₧╫á╫¬ ╫¬╫ò╫¿ ╫ù╫ô╫⌐[0m
          [36m</h1>[39m
          [36m<p[39m
            [33mclass[39m=[32m"subtitle"[39m
          [36m>[39m
            [0m╫æ╫ù╫¿╫Ö ╫É╫¬ ╫ö╫ÿ╫Ö╫ñ╫ò╫£╫Ö╫¥ ╫⌐╫¬╫¿╫ª╫Ö ╫£╫⌐╫£╫æ ╫æ╫æ╫Ö╫º╫ò╫¿ ╫ö╫º╫¿╫ò╫æ ╫⌐╫£╫Ü.[0m
          [36m</p>[39m
          [36m<form[39m
            [33mclass[39m=[32m"booking-form"[39m
          [36m>[39m
            [36m<section[39m
              [33mclass[39m=[32m"form-section"[39m
            [36m>[39m
              [36m<h2>[39m
                [36m<svg[39m
                  [33maria-hidden[39m=[32m"true"[39m
                  [33mclass[39m=[32m"lucide lucide-scissors"[39m
                  [33mfill[39m=[32m"none"[39m
                  [33mheight[39m=[32m"20"[39m
                  [33mstroke[39m=[32m"currentColor"[39m
                  [33mstroke-linecap[39m=[32m"round"[39m
                  [33mstroke-linejoin[39m=[32m"round"[39m
                  [33mstroke-width[39m=[32m"2"[39m
                  [33mviewBox[39m=[32m"0 0 24 24"[39m
                  [33mwidth[39m=[32m"20"[39m
                  [33mxmlns[39m=[32m"http://www.w3.org/2000/svg"[39m
                [36m>[39m
                  [36m<circle[39m
                    [33mcx[39m=[32m"6"[39m
                    [33mcy[39m=[32m"6"[39m
                    [33mr[39m=[32m"3"[39m
                  [36m/>[39m
                  [36m<path[39m
                    [33md[39m=[32m"M8.12 8.12 12 12"[39m
                  [36m/>[39m
                  [36m<path[39m
                    [33md[39m=[32m"M20 4 8.12 15.88"[39m
                  [36m/>[39m
                  [36m<circle[39m
                    [33mcx[39m=[32m"6"[39m
                    [33mcy[39m=[32m"18"[39m
                    [33mr[39m=[32m"3"[39m
                  [36m/>[39m
                  [36m<path[39m
                    [33md[39m=[32m"M14.8 14.8 20 20"[39m
                  [36m/>[39m
                [36m</svg>[39m
                [0m ╫æ╫ù╫Ö╫¿╫¬ ╫⌐╫Ö╫¿╫ò╫¬╫Ö╫¥[0m
              [36m</h2>[39m
              [36m<div[39m
                [33mclass[39m=[32m"services-grid"[39m
              [36m>[39m
                [36m<div[39m
                  [33mclass[39m=[32m"service-card "[39m
                [36m>[39m
                  [36m<div[39m
                    [33mclass[39m=[32m"service-info"[39m
                  [36m>[39m
                    [36m<h3>[39m
                      [0m╫¬╫í╫ñ╫ò╫¿╫¬[0m
                    [36m</h3>[39m
                    [36m<span[39m
                      [33mclass[39m=[32m"price"[39m
                    [36m>[39m
                      [0mΓé¬[0m
                      [0m150[0m
                    [36m</span>[39m
                  [36m</div>[39m
                  [36m<div[39m
                    [33mclass[39m=[32m"check-icon"[39m
                  [36m/>[39m
                [36m</div>[39m
                [36m<div[39m
                  [33mclass[39m=[32m"service-card "[39m
                [36m>[39m
                  [36m<div[39m
                    [33mclass[39m=[32m"service-info"[39m
                  [36m>[39m
                    [36m<h3>[39m
                      [0m╫ª╫æ╫ó[0m
                    [36m</h3>[39m
                    [36m<span[39m
                      [33mclass[39m=[32m"price"[39m
                    [36m>[39m
                      [0mΓé¬[0m
                      [0m200[0m
                    [36m</span>[39m
                  [36m</div>[39m
                  [36m<div[39m
                    [33mclass[39m=[32m"check-icon"[39m
                  [36m/>[39m
                [36m</div>[39m
              [36m</div>[39m
            [36m</section>[39m
            [36m<div[39m
              [33mclass[39m=[32m"booking-summary"[39m
            [36m>[39m
              [36m<div[39m
                [33mclass[39m=[32m"summary-details"[39m
              [36m>[39m
                [36m<span>[39m
                  [36m<svg[39m
                    [33maria-hidden[39m=[32m"true"[39m
                    [33mclass[39m=[32m"lucide lucide-clock"[39m
                    [33mfill[39m=[32m"none"[39m
                    [33mheight[39m=[32m"16"[39m
                    [33mstroke[39m=[32m"currentColor"[39m
                    [33mstroke-linecap[39m=[32m"round"[39m
                    [33mstroke-linejoin[39m=[32m"round"[39m
                    [33mstroke-width[39m=[32m"2"[39m
                    [33mviewBox[39m=[32m"0 0 24 24"[39m
                    [33mwidth[39m=[32m"16"[39m
                    [33mxmlns[39m=[32m"http://www.w3.org/2000/svg"[39m
                  [36m>[39m
                    [36m<circle[39m
                      [33mcx[39m=[32m"12"[39m
                      [33mcy[39m=[32m"12"[39m
                      [33mr[39m=[32m"10"[39m
                    [36m/>[39m
                    [36m<path[39m
                      [33md[39m=[32m"M12 6v6l4 2"[39m
                    [36m/>[39m
                  [36m</svg>[39m
                  [0m ╫û╫₧╫ƒ ╫₧╫ò╫ó╫¿╫Ü: [0m
                  [36m<strong>[39m
                    [0m0[0m
                    [0m ╫ô╫º╫ò╫¬[0m
                  [36m</strong>[39m
                [36m</span>[39m
                [36m<span>[39m
                  [0m╫í╫Ü ╫ö╫¢╫£: [0m
                  [36m<strong>[39m
                    [0mΓé¬[0m
                    [0m0[0m
                  [36m</strong>[39m
                [36m</span>[39m
              [36m</div>[39m
              [36m<button[39m
                [33mclass[39m=[32m"submit-btn"[39m
                [33mdisabled[39m=[32m""[39m
                [33mtype[39m=[32m"submit"[39m
              [36m>[39m
                [0m╫É╫⌐╫¿╫Ö ╫ö╫û╫₧╫á╫ö[0m
              [36m</button>[39m
            [36m</div>[39m
          [36m</form>[39m
        [36m</div>[39m
      [36m</div>[39m
    [36m</div>[39m
  [36m</body>[39m
[36m</html>[39m
[36m [2mΓ¥»[22m src/pages/CustomerBookingPage.test.jsx:[2m37:41[22m[39m
    [90m 35|[39m
    [90m 36|[39m     [35mawait[39m [34mwaitFor[39m(() [33m=>[39m {
    [90m 37|[39m       [34mexpect[39m(screen[33m.[39m[34mgetByText[39m([32m'╫¬╫í╫ñ╫ò╫¿╫¬'[39m))[33m.[39m[3
4mtoBeInDocument[39m()[33m;[39m
    [90m   |[39m                                         [31m^[39m
    [90m 38|[39m       [34mexpect[39m(screen[33m.[39m[34mgetByText[39m([32m'Γé¬150'[39m))[33m.[39m[34mtoBe
InDocument[39m()[33m;[39m
    [90m 39|[39m       [34mexpect[39m(screen[33m.[39m[34mgetByText[39m([32m'╫ª╫æ╫ó'[39m))[33m.[39m[34mtoBe
InDocument[39m()[33m;[39m
[90m [2mΓ¥»[22m runWithExpensiveErrorDiagnosticsDisabled 
node_modules/@testing-library/dom/dist/config.js:[2m47:12[22m[39m
[90m [2mΓ¥»[22m checkCallback node_modules/@testing-library/dom/dist/wait-for.js:[2m124:77[22m[39m
[90m [2mΓ¥»[22m Timeout.checkRealTimersCallback 
node_modules/@testing-library/dom/dist/wait-for.js:[2m118:16[22m[39m

[31m[2mΓÄ»ΓÄ»ΓÄ»ΓÄ»ΓÄ»ΓÄ»ΓÄ»ΓÄ»ΓÄ»ΓÄ»ΓÄ»ΓÄ»ΓÄ»ΓÄ»ΓÄ»ΓÄ»ΓÄ»ΓÄ»ΓÄ»ΓÄ»ΓÄ»ΓÄ»ΓÄ»[1/10]ΓÄ»[22m[39m

[41m[1m FAIL [22m[49m src/pages/CustomerBookingPage.test.jsx[2m > [22mCustomerBookingPage Component[2m > 
[22mselects multiple services and calculates correct total price
[31m[1mError[22m[39m: Invalid Chai property: toBeInDocument. Did you mean "toBeInTheDocument"?

Ignored nodes: comments, script, style
[36m<html>[39m
  [36m<head />[39m
  [36m<body>[39m
    [36m<div>[39m
      [36m<div[39m
        [33mclass[39m=[32m"booking-page fade-in"[39m
      [36m>[39m
        [36m<div[39m
          [33mclass[39m=[32m"booking-container"[39m
        [36m>[39m
          [36m<h1>[39m
            [0m╫ö╫û╫₧╫á╫¬ ╫¬╫ò╫¿ ╫ù╫ô╫⌐[0m
          [36m</h1>[39m
          [36m<p[39m
            [33mclass[39m=[32m"subtitle"[39m
          [36m>[39m
            [0m╫æ╫ù╫¿╫Ö ╫É╫¬ ╫ö╫ÿ╫Ö╫ñ╫ò╫£╫Ö╫¥ ╫⌐╫¬╫¿╫ª╫Ö ╫£╫⌐╫£╫æ ╫æ╫æ╫Ö╫º╫ò╫¿ ╫ö╫º╫¿╫ò╫æ ╫⌐╫£╫Ü.[0m
          [36m</p>[39m
          [36m<form[39m
            [33mclass[39m=[32m"booking-form"[39m
          [36m>[39m
            [36m<section[39m
              [33mclass[39m=[32m"form-section"[39m
            [36m>[39m
              [36m<h2>[39m
                [36m<svg[39m
                  [33maria-hidden[39m=[32m"true"[39m
                  [33mclass[39m=[32m"lucide lucide-scissors"[39m
                  [33mfill[39m=[32m"none"[39m
                  [33mheight[39m=[32m"20"[39m
                  [33mstroke[39m=[32m"currentColor"[39m
                  [33mstroke-linecap[39m=[32m"round"[39m
                  [33mstroke-linejoin[39m=[32m"round"[39m
                  [33mstroke-width[39m=[32m"2"[39m
                  [33mviewBox[39m=[32m"0 0 24 24"[39m
                  [33mwidth[39m=[32m"20"[39m
                  [33mxmlns[39m=[32m"http://www.w3.org/2000/svg"[39m
                [36m>[39m
                  [36m<circle[39m
                    [33mcx[39m=[32m"6"[39m
                    [33mcy[39m=[32m"6"[39m
                    [33mr[39m=[32m"3"[39m
                  [36m/>[39m
                  [36m<path[39m
                    [33md[39m=[32m"M8.12 8.12 12 12"[39m
                  [36m/>[39m
                  [36m<path[39m
                    [33md[39m=[32m"M20 4 8.12 15.88"[39m
                  [36m/>[39m
                  [36m<circle[39m
                    [33mcx[39m=[32m"6"[39m
                    [33mcy[39m=[32m"18"[39m
                    [33mr[39m=[32m"3"[39m
                  [36m/>[39m
                  [36m<path[39m
                    [33md[39m=[32m"M14.8 14.8 20 20"[39m
                  [36m/>[39m
                [36m</svg>[39m
                [0m ╫æ╫ù╫Ö╫¿╫¬ ╫⌐╫Ö╫¿╫ò╫¬╫Ö╫¥[0m
              [36m</h2>[39m
              [36m<div[39m
                [33mclass[39m=[32m"services-grid"[39m
              [36m>[39m
                [36m<div[39m
                  [33mclass[39m=[32m"service-card "[39m
                [36m>[39m
                  [36m<div[39m
                    [33mclass[39m=[32m"service-info"[39m
                  [36m>[39m
                    [36m<h3>[39m
                      [0m╫¬╫í╫ñ╫ò╫¿╫¬[0m
                    [36m</h3>[39m
                    [36m<span[39m
                      [33mclass[39m=[32m"price"[39m
                    [36m>[39m
                      [0mΓé¬[0m
                      [0m150[0m
                    [36m</span>[39m
                  [36m</div>[39m
                  [36m<div[39m
                    [33mclass[39m=[32m"check-icon"[39m
                  [36m/>[39m
                [36m</div>[39m
                [36m<div[39m
                  [33mclass[39m=[32m"service-card "[39m
                [36m>[39m
                  [36m<div[39m
                    [33mclass[39m=[32m"service-info"[39m
                  [36m>[39m
                    [36m<h3>[39m
                      [0m╫ª╫æ╫ó[0m
                    [36m</h3>[39m
                    [36m<span[39m
                      [33mclass[39m=[32m"price"[39m
                    [36m>[39m
                      [0mΓé¬[0m
                      [0m200[0m
                    [36m</span>[39m
                  [36m</div>[39m
                  [36m<div[39m
                    [33mclass[39m=[32m"check-icon"[39m
                  [36m/>[39m
                [36m</div>[39m
              [36m</div>[39m
            [36m</section>[39m
            [36m<div[39m
              [33mclass[39m=[32m"booking-summary"[39m
            [36m>[39m
              [36m<div[39m
                [33mclass[39m=[32m"summary-details"[39m
              [36m>[39m
                [36m<span>[39m
                  [36m<svg[39m
                    [33maria-hidden[39m=[32m"true"[39m
                    [33mclass[39m=[32m"lucide lucide-clock"[39m
                    [33mfill[39m=[32m"none"[39m
                    [33mheight[39m=[32m"16"[39m
                    [33mstroke[39m=[32m"currentColor"[39m
                    [33mstroke-linecap[39m=[32m"round"[39m
                    [33mstroke-linejoin[39m=[32m"round"[39m
                    [33mstroke-width[39m=[32m"2"[39m
                    [33mviewBox[39m=[32m"0 0 24 24"[39m
                    [33mwidth[39m=[32m"16"[39m
                    [33mxmlns[39m=[32m"http://www.w3.org/2000/svg"[39m
                  [36m>[39m
                    [36m<circle[39m
                      [33mcx[39m=[32m"12"[39m
                      [33mcy[39m=[32m"12"[39m
                      [33mr[39m=[32m"10"[39m
                    [36m/>[39m
                    [36m<path[39m
                      [33md[39m=[32m"M12 6v6l4 2"[39m
                    [36m/>[39m
                  [36m</svg>[39m
                  [0m ╫û╫₧╫ƒ ╫₧╫ò╫ó╫¿╫Ü: [0m
                  [36m<strong>[39m
                    [0m0[0m
                    [0m ╫ô╫º╫ò╫¬[0m
                  [36m</strong>[39m
                [36m</span>[39m
                [36m<span>[39m
                  [0m╫í╫Ü ╫ö╫¢╫£: [0m
                  [36m<strong>[39m
                    [0mΓé¬[0m
                    [0m0[0m
                  [36m</strong>[39m
                [36m</span>[39m
              [36m</div>[39m
              [36m<button[39m
                [33mclass[39m=[32m"submit-btn"[39m
                [33mdisabled[39m=[32m""[39m
                [33mtype[39m=[32m"submit"[39m
              [36m>[39m
                [0m╫É╫⌐╫¿╫Ö ╫ö╫û╫₧╫á╫ö[0m
              [36m</button>[39m
            [36m</div>[39m
          [36m</form>[39m
        [36m</div>[39m
      [36m</div>[39m
    [36m</div>[39m
  [36m</body>[39m
[36m</html>[39m
[36m [2mΓ¥»[22m src/pages/CustomerBookingPage.test.jsx:[2m48:41[22m[39m
    [90m 46|[39m
    [90m 47|[39m     [35mawait[39m [34mwaitFor[39m(() [33m=>[39m {
    [90m 48|[39m       [34mexpect[39m(screen[33m.[39m[34mgetByText[39m([32m'╫¬╫í╫ñ╫ò╫¿╫¬'[39m))[33m.[39m[3
4mtoBeInDocument[39m()[33m;[39m
    [90m   |[39m                                         [31m^[39m
    [90m 49|[39m     })[33m;[39m
    [90m 50|[39m
[90m [2mΓ¥»[22m runWithExpensiveErrorDiagnosticsDisabled 
node_modules/@testing-library/dom/dist/config.js:[2m47:12[22m[39m
[90m [2mΓ¥»[22m checkCallback node_modules/@testing-library/dom/dist/wait-for.js:[2m124:77[22m[39m
[90m [2mΓ¥»[22m Timeout.checkRealTimersCallback 
node_modules/@testing-library/dom/dist/wait-for.js:[2m118:16[22m[39m

[31m[2mΓÄ»ΓÄ»ΓÄ»ΓÄ»ΓÄ»ΓÄ»ΓÄ»ΓÄ»ΓÄ»ΓÄ»ΓÄ»ΓÄ»ΓÄ»ΓÄ»ΓÄ»ΓÄ»ΓÄ»ΓÄ»ΓÄ»ΓÄ»ΓÄ»ΓÄ»ΓÄ»[2/10]ΓÄ»[22m[39m

[41m[1m FAIL [22m[49m src/pages/CustomerBookingPage.test.jsx[2m > [22mCustomerBookingPage Component[2m > 
[22mrequires date and time before allowing submission
[31m[1mError[22m[39m: Invalid Chai property: toBeInDocument. Did you mean "toBeInTheDocument"?

Ignored nodes: comments, script, style
[36m<html>[39m
  [36m<head />[39m
  [36m<body>[39m
    [36m<div>[39m
      [36m<div[39m
        [33mclass[39m=[32m"booking-page fade-in"[39m
      [36m>[39m
        [36m<div[39m
          [33mclass[39m=[32m"booking-container"[39m
        [36m>[39m
          [36m<h1>[39m
            [0m╫ö╫û╫₧╫á╫¬ ╫¬╫ò╫¿ ╫ù╫ô╫⌐[0m
          [36m</h1>[39m
          [36m<p[39m
            [33mclass[39m=[32m"subtitle"[39m
          [36m>[39m
            [0m╫æ╫ù╫¿╫Ö ╫É╫¬ ╫ö╫ÿ╫Ö╫ñ╫ò╫£╫Ö╫¥ ╫⌐╫¬╫¿╫ª╫Ö ╫£╫⌐╫£╫æ ╫æ╫æ╫Ö╫º╫ò╫¿ ╫ö╫º╫¿╫ò╫æ ╫⌐╫£╫Ü.[0m
          [36m</p>[39m
          [36m<form[39m
            [33mclass[39m=[32m"booking-form"[39m
          [36m>[39m
            [36m<section[39m
              [33mclass[39m=[32m"form-section"[39m
            [36m>[39m
              [36m<h2>[39m
                [36m<svg[39m
                  [33maria-hidden[39m=[32m"true"[39m
                  [33mclass[39m=[32m"lucide lucide-scissors"[39m
                  [33mfill[39m=[32m"none"[39m
                  [33mheight[39m=[32m"20"[39m
                  [33mstroke[39m=[32m"currentColor"[39m
                  [33mstroke-linecap[39m=[32m"round"[39m
                  [33mstroke-linejoin[39m=[32m"round"[39m
                  [33mstroke-width[39m=[32m"2"[39m
                  [33mviewBox[39m=[32m"0 0 24 24"[39m
                  [33mwidth[39m=[32m"20"[39m
                  [33mxmlns[39m=[32m"http://www.w3.org/2000/svg"[39m
                [36m>[39m
                  [36m<circle[39m
                    [33mcx[39m=[32m"6"[39m
                    [33mcy[39m=[32m"6"[39m
                    [33mr[39m=[32m"3"[39m
                  [36m/>[39m
                  [36m<path[39m
                    [33md[39m=[32m"M8.12 8.12 12 12"[39m
                  [36m/>[39m
                  [36m<path[39m
                    [33md[39m=[32m"M20 4 8.12 15.88"[39m
                  [36m/>[39m
                  [36m<circle[39m
                    [33mcx[39m=[32m"6"[39m
                    [33mcy[39m=[32m"18"[39m
                    [33mr[39m=[32m"3"[39m
                  [36m/>[39m
                  [36m<path[39m
                    [33md[39m=[32m"M14.8 14.8 20 20"[39m
                  [36m/>[39m
                [36m</svg>[39m
                [0m ╫æ╫ù╫Ö╫¿╫¬ ╫⌐╫Ö╫¿╫ò╫¬╫Ö╫¥[0m
              [36m</h2>[39m
              [36m<div[39m
                [33mclass[39m=[32m"services-grid"[39m
              [36m>[39m
                [36m<div[39m
                  [33mclass[39m=[32m"service-card "[39m
                [36m>[39m
                  [36m<div[39m
                    [33mclass[39m=[32m"service-info"[39m
                  [36m>[39m
                    [36m<h3>[39m
                      [0m╫¬╫í╫ñ╫ò╫¿╫¬[0m
                    [36m</h3>[39m
                    [36m<span[39m
                      [33mclass[39m=[32m"price"[39m
                    [36m>[39m
                      [0mΓé¬[0m
                      [0m150[0m
                    [36m</span>[39m
                  [36m</div>[39m
                  [36m<div[39m
                    [33mclass[39m=[32m"check-icon"[39m
                  [36m/>[39m
                [36m</div>[39m
                [36m<div[39m
                  [33mclass[39m=[32m"service-card "[39m
                [36m>[39m
                  [36m<div[39m
                    [33mclass[39m=[32m"service-info"[39m
                  [36m>[39m
                    [36m<h3>[39m
                      [0m╫ª╫æ╫ó[0m
                    [36m</h3>[39m
                    [36m<span[39m
                      [33mclass[39m=[32m"price"[39m
                    [36m>[39m
                      [0mΓé¬[0m
                      [0m200[0m
                    [36m</span>[39m
                  [36m</div>[39m
                  [36m<div[39m
                    [33mclass[39m=[32m"check-icon"[39m
                  [36m/>[39m
                [36m</div>[39m
              [36m</div>[39m
            [36m</section>[39m
            [36m<div[39m
              [33mclass[39m=[32m"booking-summary"[39m
            [36m>[39m
              [36m<div[39m
                [33mclass[39m=[32m"summary-details"[39m
              [36m>[39m
                [36m<span>[39m
                  [36m<svg[39m
                    [33maria-hidden[39m=[32m"true"[39m
                    [33mclass[39m=[32m"lucide lucide-clock"[39m
                    [33mfill[39m=[32m"none"[39m
                    [33mheight[39m=[32m"16"[39m
                    [33mstroke[39m=[32m"currentColor"[39m
                    [33mstroke-linecap[39m=[32m"round"[39m
                    [33mstroke-linejoin[39m=[32m"round"[39m
                    [33mstroke-width[39m=[32m"2"[39m
                    [33mviewBox[39m=[32m"0 0 24 24"[39m
                    [33mwidth[39m=[32m"16"[39m
                    [33mxmlns[39m=[32m"http://www.w3.org/2000/svg"[39m
                  [36m>[39m
                    [36m<circle[39m
                      [33mcx[39m=[32m"12"[39m
                      [33mcy[39m=[32m"12"[39m
                      [33mr[39m=[32m"10"[39m
                    [36m/>[39m
                    [36m<path[39m
                      [33md[39m=[32m"M12 6v6l4 2"[39m
                    [36m/>[39m
                  [36m</svg>[39m
                  [0m ╫û╫₧╫ƒ ╫₧╫ò╫ó╫¿╫Ü: [0m
                  [36m<strong>[39m
                    [0m0[0m
                    [0m ╫ô╫º╫ò╫¬[0m
                  [36m</strong>[39m
                [36m</span>[39m
                [36m<span>[39m
                  [0m╫í╫Ü ╫ö╫¢╫£: [0m
                  [36m<strong>[39m
                    [0mΓé¬[0m
                    [0m0[0m
                  [36m</strong>[39m
                [36m</span>[39m
              [36m</div>[39m
              [36m<button[39m
                [33mclass[39m=[32m"submit-btn"[39m
                [33mdisabled[39m=[32m""[39m
                [33mtype[39m=[32m"submit"[39m
              [36m>[39m
                [0m╫É╫⌐╫¿╫Ö ╫ö╫û╫₧╫á╫ö[0m
              [36m</button>[39m
            [36m</div>[39m
          [36m</form>[39m
        [36m</div>[39m
      [36m</div>[39m
    [36m</div>[39m
  [36m</body>[39m
[36m</html>[39m
[36m [2mΓ¥»[22m src/pages/CustomerBookingPage.test.jsx:[2m63:41[22m[39m
    [90m 61|[39m
    [90m 62|[39m     [35mawait[39m [34mwaitFor[39m(() [33m=>[39m {
    [90m 63|[39m       [34mexpect[39m(screen[33m.[39m[34mgetByText[39m([32m'╫¬╫í╫ñ╫ò╫¿╫¬'[39m))[33m.[39m[3
4mtoBeInDocument[39m()[33m;[39m
    [90m   |[39m                                         [31m^[39m
    [90m 64|[39m     })[33m;[39m
    [90m 65|[39m
[90m [2mΓ¥»[22m runWithExpensiveErrorDiagnosticsDisabled 
node_modules/@testing-library/dom/dist/config.js:[2m47:12[22m[39m
[90m [2mΓ¥»[22m checkCallback node_modules/@testing-library/dom/dist/wait-for.js:[2m124:77[22m[39m
[90m [2mΓ¥»[22m Timeout.checkRealTimersCallback 
node_modules/@testing-library/dom/dist/wait-for.js:[2m118:16[22m[39m

[31m[2mΓÄ»ΓÄ»ΓÄ»ΓÄ»ΓÄ»ΓÄ»ΓÄ»ΓÄ»ΓÄ»ΓÄ»ΓÄ»ΓÄ»ΓÄ»ΓÄ»ΓÄ»ΓÄ»ΓÄ»ΓÄ»ΓÄ»ΓÄ»ΓÄ»ΓÄ»ΓÄ»[3/10]ΓÄ»[22m[39m

[41m[1m FAIL [22m[49m src/pages/LoginPage.test.jsx[2m > [22mLoginPage Component[2m > [22mrenders login form by 
default
[31m[1mError[22m: Invalid Chai property: toBeInDocument. Did you mean "toBeInTheDocument"?[39m
[36m [2mΓ¥»[22m src/pages/LoginPage.test.jsx:[2m27:47[22m[39m
    [90m 25|[39m   [34mit[39m([32m'renders login form by default'[39m[33m,[39m () [33m=>[39m {
    [90m 26|[39m     [34mrenderWithRouter[39m([33m<[39m[33mLoginPage[39m [33m/[39m[33m>[39m)[33m;[39m
    [90m 27|[39m     [34mexpect[39m(screen[33m.[39m[34mgetByText[39m([32m'╫ö╫¬╫ù╫æ╫¿╫ò╫¬ 
╫£╫₧╫ó╫¿╫¢╫¬'[39m))[33m.[39m[34mtoBeInDocument[39m()[33m;[39m
    [90m   |[39m                                               [31m^[39m
    [90m 28|[39m     [34mexpect[39m(screen[33m.[39m[34mgetByLabelText[39m([36m/╫É╫Ö╫₧╫Ö╫Ö╫£/i[39m))[33m.[39
m[34mtoBeInDocument[39m()[33m;[39m
    [90m 29|[39m     [34mexpect[39m(screen[33m.[39m[34mgetByLabelText[39m([36m/╫í╫Ö╫í╫₧╫ö/i[39m))[33m.[39m
[34mtoBeInDocument[39m()[33m;[39m

[31m[2mΓÄ»ΓÄ»ΓÄ»ΓÄ»ΓÄ»ΓÄ»ΓÄ»ΓÄ»ΓÄ»ΓÄ»ΓÄ»ΓÄ»ΓÄ»ΓÄ»ΓÄ»ΓÄ»ΓÄ»ΓÄ»ΓÄ»ΓÄ»ΓÄ»ΓÄ»ΓÄ»[4/10]ΓÄ»[22m[39m

[41m[1m FAIL [22m[49m src/pages/LoginPage.test.jsx[2m > [22mLoginPage Component[2m > [22mtoggles to sign up 
form
[31m[1mError[22m: Invalid Chai property: toBeInDocument. Did you mean "toBeInTheDocument"?[39m
[36m [2mΓ¥»[22m src/pages/LoginPage.test.jsx:[2m36:48[22m[39m
    [90m 34|[39m     fireEvent[33m.[39m[34mclick[39m(screen[33m.[39m[34mgetByText[39m([32m'╫ö╫Ö╫¿╫⌐╫¥ 
╫ó╫¢╫⌐╫Ö╫ò'[39m))[33m;[39m
    [90m 35|[39m
    [90m 36|[39m     [34mexpect[39m(screen[33m.[39m[34mgetByText[39m([32m'╫Ö╫ª╫Ö╫¿╫¬ ╫₧╫⌐╫¬╫₧╫⌐ 
╫ù╫ô╫⌐'[39m))[33m.[39m[34mtoBeInDocument[39m()[33m;[39m
    [90m   |[39m                                                [31m^[39m
    [90m 37|[39m     [34mexpect[39m(screen[33m.[39m[34mgetByLabelText[39m([36m/╫⌐╫¥ 
╫₧╫£╫É/i[39m))[33m.[39m[34mtoBeInDocument[39m()[33m;[39m
    [90m 38|[39m   })[33m;[39m

[31m[2mΓÄ»ΓÄ»ΓÄ»ΓÄ»ΓÄ»ΓÄ»ΓÄ»ΓÄ»ΓÄ»ΓÄ»ΓÄ»ΓÄ»ΓÄ»ΓÄ»ΓÄ»ΓÄ»ΓÄ»ΓÄ»ΓÄ»ΓÄ»ΓÄ»ΓÄ»ΓÄ»[5/10]ΓÄ»[22m[39m

[41m[1m FAIL [22m[49m src/pages/LoginPage.test.jsx[2m > [22mLoginPage Component[2m > [22mcalls signUp on 
submit when in signup mode
[31m[1mTestingLibraryElementError[22m[39m: Found a label with the text of: /╫⌐╫¥ ╫₧╫£╫É/i, however no form control 
was found associated to that label. Make sure you're using the "for" attribute or "aria-labelledby" attribute 
correctly.

Ignored nodes: comments, script, style
[36m<body>[39m
  [36m<div>[39m
    [36m<div[39m
      [33mclass[39m=[32m"login-page fade-in"[39m
    [36m>[39m
      [36m<div[39m
        [33mclass[39m=[32m"login-container"[39m
      [36m>[39m
        [36m<div[39m
          [33mclass[39m=[32m"login-header"[39m
        [36m>[39m
          [36m<svg[39m
            [33maria-hidden[39m=[32m"true"[39m
            [33mclass[39m=[32m"lucide lucide-key-round login-icon"[39m
            [33mfill[39m=[32m"none"[39m
            [33mheight[39m=[32m"40"[39m
            [33mstroke[39m=[32m"currentColor"[39m
            [33mstroke-linecap[39m=[32m"round"[39m
            [33mstroke-linejoin[39m=[32m"round"[39m
            [33mstroke-width[39m=[32m"2"[39m
            [33mviewBox[39m=[32m"0 0 24 24"[39m
            [33mwidth[39m=[32m"40"[39m
            [33mxmlns[39m=[32m"http://www.w3.org/2000/svg"[39m
          [36m>[39m
            [36m<path[39m
              [33md[39m=[32m"M2.586 17.414A2 2 0 0 0 2 18.828V21a1 1 0 0 0 1 1h3a1 1 0 0 0 1-1v-1a1 1 0 0 1 1-1h1a1 
1 0 0 0 1-1v-1a1 1 0 0 1 1-1h.172a2 2 0 0 0 1.414-.586l.814-.814a6.5 6.5 0 1 0-4-4z"[39m
            [36m/>[39m
            [36m<circle[39m
              [33mcx[39m=[32m"16.5"[39m
              [33mcy[39m=[32m"7.5"[39m
              [33mfill[39m=[32m"currentColor"[39m
              [33mr[39m=[32m".5"[39m
            [36m/>[39m
          [36m</svg>[39m
          [36m<h1>[39m
            [0m╫Ö╫ª╫Ö╫¿╫¬ ╫₧╫⌐╫¬╫₧╫⌐ ╫ù╫ô╫⌐[0m
          [36m</h1>[39m
        [36m</div>[39m
        [36m<form[39m
          [33mclass[39m=[32m"login-form"[39m
        [36m>[39m
          [36m<div[39m
            [33mclass[39m=[32m"input-group"[39m
          [36m>[39m
            [36m<label>[39m
              [36m<svg[39m
                [33maria-hidden[39m=[32m"true"[39m
                [33mclass[39m=[32m"lucide lucide-user"[39m
                [33mfill[39m=[32m"none"[39m
                [33mheight[39m=[32m"16"[39m
                [33mstroke[39m=[32m"currentColor"[39m
                [33mstroke-linecap[39m=[32m"round"[39m
                [33mstroke-linejoin[39m=[32m"round"[39m
                [33mstroke-width[39m=[32m"2"[39m
                [33mviewBox[39m=[32m"0 0 24 24"[39m
                [33mwidth[39m=[32m"16"[39m
                [33mxmlns[39m=[32m"http://www.w3.org/2000/svg"[39m
              [36m>[39m
                [36m<path[39m
                  [33md[39m=[32m"M19 21v-2a4 4 0 0 0-4-4H9a4 4 0 0 0-4 4v2"[39m
                [36m/>[39m
                [36m<circle[39m
                  [33mcx[39m=[32m"12"[39m
                  [33mcy[39m=[32m"7"[39m
                  [33mr[39m=[32m"4"[39m
                [36m/>[39m
              [36m</svg>[39m
              [0m ╫⌐╫¥ ╫₧╫£╫É[0m
            [36m</label>[39m
            [36m<input[39m
              [33mplaceholder[39m=[32m"╫Ö╫⌐╫¿╫É╫£ ╫Ö╫⌐╫¿╫É╫£╫Ö"[39m
              [33mrequired[39m=[32m""[39m
              [33mtype[39m=[32m"text"[39m
              [33mvalue[39m=[32m""[39m
            [36m/>[39m
          [36m</div>[39m
          [36m<div[39m
            [33mclass[39m=[32m"input-group"[39m
          [36m>[39m
            [36m<label>[39m
              [0m╫É╫Ö╫₧╫Ö╫Ö╫£[0m
            [36m</label>[39m
            [36m<input[39m
              [33mplaceholder[39m=[32m"email@example.com"[39m
              [33mrequired[39m=[32m""[39m
              [33mtype[39m=[32m"email"[39m
              [33mvalue[39m=[32m""[39m
            [36m/>[39m
          [36m</div>[39m
          [36m<div[39m
            [33mclass[39m=[32m"input-group"[39m
          [36m>[39m
            [36m<label>[39m
              [0m╫í╫Ö╫í╫₧╫ö[0m
            [36m</label>[39m
            [36m<input[39m
              [33mplaceholder[39m=[32m"ΓÇóΓÇóΓÇóΓÇóΓÇóΓÇóΓÇóΓÇó"[39m
              [33mrequired[39m=[32m""[39m
              [33mtype[39m=[32m"password"[39m
              [33mvalue[39m=[32m""[39m
            [36m/>[39m
          [36m</div>[39m
          [36m<button[39m
            [33mclass[39m=[32m"submit-btn"[39m
            [33mtype[39m=[32m"submit"[39m
          [36m>[39m
            [0m╫ö╫¿╫⌐╫₧╫ö[0m
          [36m</button>[39m
        [36m</form>[39m
        [36m<p[39m
          [33mclass[39m=[32m"toggle-auth"[39m
        [36m>[39m
          [0m╫¢╫æ╫¿ ╫Ö╫⌐ ╫£╫Ü ╫₧╫⌐╫¬╫₧╫⌐? [0m
          [36m<button[39m
            [33mclass[39m=[32m"link-btn"[39m
            [33mtype[39m=[32m"button"[39m
          [36m>[39m
            [0m╫ö╫¬╫ù╫æ╫¿ ╫₧╫ñ╫ö[0m
          [36m</button>[39m
        [36m</p>[39m
      [36m</div>[39m
    [36m</div>[39m
  [36m</div>[39m
[36m</body>[39m
[90m [2mΓ¥»[22m Object.getElementError node_modules/@testing-library/dom/dist/config.js:[2m37:19[22m[39m
[90m [2mΓ¥»[22m getAllByLabelText node_modules/@testing-library/dom/dist/queries/label-text.js:[2m108:40[22m[39m
[90m [2mΓ¥»[22m node_modules/@testing-library/dom/dist/query-helpers.js:[2m52:17[22m[39m
[90m [2mΓ¥»[22m node_modules/@testing-library/dom/dist/query-helpers.js:[2m95:19[22m[39m
[36m [2mΓ¥»[22m src/pages/LoginPage.test.jsx:[2m46:29[22m[39m
    [90m 44|[39m     fireEvent.click(screen.getByText('╫ö╫Ö╫¿╫⌐╫¥ ╫ó╫¢╫⌐╫Ö╫ò')); // Switch to sigΓÇª
    [90m 45|[39m
    [90m 46|[39m     fireEvent.change(screen.getByLabelText(/╫⌐╫¥ ╫₧╫£╫É/i), { target: { valΓÇª
    [90m   |[39m                             [31m^[39m
    [90m 47|[39m     fireEvent.change(screen.getByLabelText(/╫É╫Ö╫₧╫Ö╫Ö╫£/i), { target: { valΓÇª
    [90m 48|[39m     fireEvent.change(screen.getByLabelText(/╫í╫Ö╫í╫₧╫ö/i), { target: { valuΓÇª

[31m[2mΓÄ»ΓÄ»ΓÄ»ΓÄ»ΓÄ»ΓÄ»ΓÄ»ΓÄ»ΓÄ»ΓÄ»ΓÄ»ΓÄ»ΓÄ»ΓÄ»ΓÄ»ΓÄ»ΓÄ»ΓÄ»ΓÄ»ΓÄ»ΓÄ»ΓÄ»ΓÄ»[6/10]ΓÄ»[22m[39m

[41m[1m FAIL [22m[49m src/pages/LoginPage.test.jsx[2m > [22mLoginPage Component[2m > [22mcalls 
signInWithPassword on submit when in login mode
[31m[1mTestingLibraryElementError[22m: Found a label with the text of: /╫É╫Ö╫₧╫Ö╫Ö╫£/i, however no form control was 
found associated to that label. Make sure you're using the "for" attribute or "aria-labelledby" attribute correctly.

Ignored nodes: comments, script, style
[36m<body>[31m
  [36m<div>[31m
    [36m<div[31m
      [33mclass[31m=[32m"login-page fade-in"[31m
    [36m>[31m
      [36m<div[31m
        [33mclass[31m=[32m"login-container"[31m
      [36m>[31m
        [36m<div[31m
          [33mclass[31m=[32m"login-header"[31m
        [36m>[31m
          [36m<svg[31m
            [33maria-hidden[31m=[32m"true"[31m
            [33mclass[31m=[32m"lucide lucide-key-round login-icon"[31m
            [33mfill[31m=[32m"none"[31m
            [33mheight[31m=[32m"40"[31m
            [33mstroke[31m=[32m"currentColor"[31m
            [33mstroke-linecap[31m=[32m"round"[31m
            [33mstroke-linejoin[31m=[32m"round"[31m
            [33mstroke-width[31m=[32m"2"[31m
            [33mviewBox[31m=[32m"0 0 24 24"[31m
            [33mwidth[31m=[32m"40"[31m
            [33mxmlns[31m=[32m"http://www.w3.org/2000/svg"[31m
          [36m>[31m
            [36m<path[31m
              [33md[31m=[32m"M2.586 17.414A2 2 0 0 0 2 18.828V21a1 1 0 0 0 1 1h3a1 1 0 0 0 1-1v-1a1 1 0 0 1 1-1h1a1 
1 0 0 0 1-1v-1a1 1 0 0 1 1-1h.172a2 2 0 0 0 1.414-.586l.814-.814a6.5 6.5 0 1 0-4-4z"[31m
            [36m/>[31m
            [36m<circle[31m
              [33mcx[31m=[32m"16.5"[31m
              [33mcy[31m=[32m"7.5"[31m
              [33mfill[31m=[32m"currentColor"[31m
              [33mr[31m=[32m".5"[31m
            [36m/>[31m
          [36m</svg>[31m
          [36m<h1>[31m
            [0m╫ö╫¬╫ù╫æ╫¿╫ò╫¬ ╫£╫₧╫ó╫¿╫¢╫¬[0m
          [36m</h1>[31m
        [36m</div>[31m
        [36m<form[31m
          [33mclass[31m=[32m"login-form"[31m
        [36m>[31m
          [36m<div[31m
            [33mclass[31m=[32m"input-group"[31m
          [36m>[31m
            [36m<label>[31m
              [0m╫É╫Ö╫₧╫Ö╫Ö╫£[0m
            [36m</label>[31m
            [36m<input[31m
              [33mplaceholder[31m=[32m"email@example.com"[31m
              [33mrequired[31m=[32m""[31m
              [33mtype[31m=[32m"email"[31m
              [33mvalue[31m=[32m""[31m
            [36m/>[31m
          [36m</div>[31m
          [36m<div[31m
            [33mclass[31m=[32m"input-group"[31m
          [36m>[31m
            [36m<label>[31m
              [0m╫í╫Ö╫í╫₧╫ö[0m
            [36m</label>[31m
            [36m<input[31m
              [33mplaceholder[31m=[32m"ΓÇóΓÇóΓÇóΓÇóΓÇóΓÇóΓÇóΓÇó"[31m
              [33mrequired[31m=[32m""[31m
              [33mtype[31m=[32m"password"[31m
              [33mvalue[31m=[32m""[31m
            [36m/>[31m
          [36m</div>[31m
          [36m<button[31m
            [33mclass[31m=[32m"submit-btn"[31m
            [33mtype[31m=[32m"submit"[31m
          [36m>[31m
            [0m╫ö╫¬╫ù╫æ╫¿╫ò╫¬[0m
          [36m</button>[31m
        [36m</form>[31m
        [36m<p[31m
          [33mclass[31m=[32m"toggle-auth"[31m
        [36m>[31m
          [0m╫É╫Ö╫ƒ ╫£╫Ü ╫₧╫⌐╫¬╫₧╫⌐ ╫ó╫ô╫Ö╫Ö╫ƒ? [0m
          [36m<button[31m
            [33mclass[31m=[32m"link-btn"[31m
            [33mtype[31m=[32m"button"[31m
          [36m>[31m
            [0m╫ö╫Ö╫¿╫⌐╫¥ ╫ó╫¢╫⌐╫Ö╫ò[0m
          [36m</button>[31m
        [36m</p>[31m
      [36m</div>[31m
    [36m</div>[31m
  [36m</div>[31m
[36m</body>[31m[39m
[90m [2mΓ¥»[22m Object.getElementError node_modules/@testing-library/dom/dist/config.js:[2m37:19[22m[39m
[90m [2mΓ¥»[22m getAllByLabelText node_modules/@testing-library/dom/dist/queries/label-text.js:[2m108:40[22m[39m
[90m [2mΓ¥»[22m node_modules/@testing-library/dom/dist/query-helpers.js:[2m52:17[22m[39m
[90m [2mΓ¥»[22m node_modules/@testing-library/dom/dist/query-helpers.js:[2m95:19[22m[39m
[36m [2mΓ¥»[22m src/pages/LoginPage.test.jsx:[2m71:29[22m[39m
    [90m 69|[39m     [34mrenderWithRouter[39m([33m<[39m[33mLoginPage[39m [33m/[39m[33m>[39m)[33m;[39m
    [90m 70|[39m
    [90m 71|[39m     fireEvent.change(screen.getByLabelText(/╫É╫Ö╫₧╫Ö╫Ö╫£/i), { target: { valΓÇª
    [90m   |[39m                             [31m^[39m
    [90m 72|[39m     fireEvent.change(screen.getByLabelText(/╫í╫Ö╫í╫₧╫ö/i), { target: { valuΓÇª
    [90m 73|[39m

[31m[2mΓÄ»ΓÄ»ΓÄ»ΓÄ»ΓÄ»ΓÄ»ΓÄ»ΓÄ»ΓÄ»ΓÄ»ΓÄ»ΓÄ»ΓÄ»ΓÄ»ΓÄ»ΓÄ»ΓÄ»ΓÄ»ΓÄ»ΓÄ»ΓÄ»ΓÄ»ΓÄ»[7/10]ΓÄ»[22m[39m

[41m[1m FAIL [22m[49m src/pages/LoginPage.test.jsx[2m > [22mLoginPage Component[2m > [22mdisplays error 
message on auth failure
[31m[1mTestingLibraryElementError[22m: Found a label with the text of: /╫É╫Ö╫₧╫Ö╫Ö╫£/i, however no form control was 
found associated to that label. Make sure you're using the "for" attribute or "aria-labelledby" attribute correctly.

Ignored nodes: comments, script, style
[36m<body>[31m
  [36m<div>[31m
    [36m<div[31m
      [33mclass[31m=[32m"login-page fade-in"[31m
    [36m>[31m
      [36m<div[31m
        [33mclass[31m=[32m"login-container"[31m
      [36m>[31m
        [36m<div[31m
          [33mclass[31m=[32m"login-header"[31m
        [36m>[31m
          [36m<svg[31m
            [33maria-hidden[31m=[32m"true"[31m
            [33mclass[31m=[32m"lucide lucide-key-round login-icon"[31m
            [33mfill[31m=[32m"none"[31m
            [33mheight[31m=[32m"40"[31m
            [33mstroke[31m=[32m"currentColor"[31m
            [33mstroke-linecap[31m=[32m"round"[31m
            [33mstroke-linejoin[31m=[32m"round"[31m
            [33mstroke-width[31m=[32m"2"[31m
            [33mviewBox[31m=[32m"0 0 24 24"[31m
            [33mwidth[31m=[32m"40"[31m
            [33mxmlns[31m=[32m"http://www.w3.org/2000/svg"[31m
          [36m>[31m
            [36m<path[31m
              [33md[31m=[32m"M2.586 17.414A2 2 0 0 0 2 18.828V21a1 1 0 0 0 1 1h3a1 1 0 0 0 1-1v-1a1 1 0 0 1 1-1h1a1 
1 0 0 0 1-1v-1a1 1 0 0 1 1-1h.172a2 2 0 0 0 1.414-.586l.814-.814a6.5 6.5 0 1 0-4-4z"[31m
            [36m/>[31m
            [36m<circle[31m
              [33mcx[31m=[32m"16.5"[31m
              [33mcy[31m=[32m"7.5"[31m
              [33mfill[31m=[32m"currentColor"[31m
              [33mr[31m=[32m".5"[31m
            [36m/>[31m
          [36m</svg>[31m
          [36m<h1>[31m
            [0m╫ö╫¬╫ù╫æ╫¿╫ò╫¬ ╫£╫₧╫ó╫¿╫¢╫¬[0m
          [36m</h1>[31m
        [36m</div>[31m
        [36m<form[31m
          [33mclass[31m=[32m"login-form"[31m
        [36m>[31m
          [36m<div[31m
            [33mclass[31m=[32m"input-group"[31m
          [36m>[31m
            [36m<label>[31m
              [0m╫É╫Ö╫₧╫Ö╫Ö╫£[0m
            [36m</label>[31m
            [36m<input[31m
              [33mplaceholder[31m=[32m"email@example.com"[31m
              [33mrequired[31m=[32m""[31m
              [33mtype[31m=[32m"email"[31m
              [33mvalue[31m=[32m""[31m
            [36m/>[31m
          [36m</div>[31m
          [36m<div[31m
            [33mclass[31m=[32m"input-group"[31m
          [36m>[31m
            [36m<label>[31m
              [0m╫í╫Ö╫í╫₧╫ö[0m
            [36m</label>[31m
            [36m<input[31m
              [33mplaceholder[31m=[32m"ΓÇóΓÇóΓÇóΓÇóΓÇóΓÇóΓÇóΓÇó"[31m
              [33mrequired[31m=[32m""[31m
              [33mtype[31m=[32m"password"[31m
              [33mvalue[31m=[32m""[31m
            [36m/>[31m
          [36m</div>[31m
          [36m<button[31m
            [33mclass[31m=[32m"submit-btn"[31m
            [33mtype[31m=[32m"submit"[31m
          [36m>[31m
            [0m╫ö╫¬╫ù╫æ╫¿╫ò╫¬[0m
          [36m</button>[31m
        [36m</form>[31m
        [36m<p[31m
          [33mclass[31m=[32m"toggle-auth"[31m
        [36m>[31m
          [0m╫É╫Ö╫ƒ ╫£╫Ü ╫₧╫⌐╫¬╫₧╫⌐ ╫ó╫ô╫Ö╫Ö╫ƒ? [0m
          [36m<button[31m
            [33mclass[31m=[32m"link-btn"[31m
            [33mtype[31m=[32m"button"[31m
          [36m>[31m
            [0m╫ö╫Ö╫¿╫⌐╫¥ ╫ó╫¢╫⌐╫Ö╫ò[0m
          [36m</button>[31m
        [36m</p>[31m
      [36m</div>[31m
    [36m</div>[31m
  [36m</div>[31m
[36m</body>[31m[39m
[90m [2mΓ¥»[22m Object.getElementError node_modules/@testing-library/dom/dist/config.js:[2m37:19[22m[39m
[90m [2mΓ¥»[22m getAllByLabelText node_modules/@testing-library/dom/dist/queries/label-text.js:[2m108:40[22m[39m
[90m [2mΓ¥»[22m node_modules/@testing-library/dom/dist/query-helpers.js:[2m52:17[22m[39m
[90m [2mΓ¥»[22m node_modules/@testing-library/dom/dist/query-helpers.js:[2m95:19[22m[39m
[36m [2mΓ¥»[22m src/pages/LoginPage.test.jsx:[2m89:29[22m[39m
    [90m 87|[39m     [34mrenderWithRouter[39m([33m<[39m[33mLoginPage[39m [33m/[39m[33m>[39m)[33m;[39m
    [90m 88|[39m
    [90m 89|[39m     fireEvent.change(screen.getByLabelText(/╫É╫Ö╫₧╫Ö╫Ö╫£/i), { target: { valΓÇª
    [90m   |[39m                             [31m^[39m
    [90m 90|[39m     fireEvent.change(screen.getByLabelText(/╫í╫Ö╫í╫₧╫ö/i), { target: { valuΓÇª
    [90m 91|[39m     
fireEvent[33m.[39m[34mclick[39m(screen[33m.[39m[34mgetByRole[39m([32m'button'[39m[33m,[39m { 
name[33m:[39m [32m'╫ö╫¬╫ù╫æ╫¿╫ò╫¬'[39m }))[33m;[39m

[31m[2mΓÄ»ΓÄ»ΓÄ»ΓÄ»ΓÄ»ΓÄ»ΓÄ»ΓÄ»ΓÄ»ΓÄ»ΓÄ»ΓÄ»ΓÄ»ΓÄ»ΓÄ»ΓÄ»ΓÄ»ΓÄ»ΓÄ»ΓÄ»ΓÄ»ΓÄ»ΓÄ»[8/10]ΓÄ»[22m[39m

[41m[1m FAIL [22m[49m src/components/Navbar/Navbar.test.jsx[2m > [22mNavbar Component[2m > [22mrenders login 
link when no user is logged in
[31m[1mError[22m[39m: Invalid Chai property: toBeInDocument. Did you mean "toBeInTheDocument"?

Ignored nodes: comments, script, style
[36m<html>[39m
  [36m<head />[39m
  [36m<body>[39m
    [36m<div>[39m
      [36m<nav[39m
        [33mclass[39m=[32m"navbar"[39m
      [36m>[39m
        [36m<div[39m
          [33mclass[39m=[32m"navbar-container"[39m
        [36m>[39m
          [36m<a[39m
            [33mclass[39m=[32m"navbar-logo"[39m
            [33mdata-discover[39m=[32m"true"[39m
            [33mhref[39m=[32m"/"[39m
          [36m>[39m
            [36m<svg[39m
              [33maria-hidden[39m=[32m"true"[39m
              [33mclass[39m=[32m"lucide lucide-scissors logo-icon"[39m
              [33mfill[39m=[32m"none"[39m
              [33mheight[39m=[32m"24"[39m
              [33mstroke[39m=[32m"currentColor"[39m
              [33mstroke-linecap[39m=[32m"round"[39m
              [33mstroke-linejoin[39m=[32m"round"[39m
              [33mstroke-width[39m=[32m"2"[39m
              [33mviewBox[39m=[32m"0 0 24 24"[39m
              [33mwidth[39m=[32m"24"[39m
              [33mxmlns[39m=[32m"http://www.w3.org/2000/svg"[39m
            [36m>[39m
              [36m<circle[39m
                [33mcx[39m=[32m"6"[39m
                [33mcy[39m=[32m"6"[39m
                [33mr[39m=[32m"3"[39m
              [36m/>[39m
              [36m<path[39m
                [33md[39m=[32m"M8.12 8.12 12 12"[39m
              [36m/>[39m
              [36m<path[39m
                [33md[39m=[32m"M20 4 8.12 15.88"[39m
              [36m/>[39m
              [36m<circle[39m
                [33mcx[39m=[32m"6"[39m
                [33mcy[39m=[32m"18"[39m
                [33mr[39m=[32m"3"[39m
              [36m/>[39m
              [36m<path[39m
                [33md[39m=[32m"M14.8 14.8 20 20"[39m
              [36m/>[39m
            [36m</svg>[39m
            [36m<span>[39m
              [0mBeautySync[0m
            [36m</span>[39m
          [36m</a>[39m
          [36m<div[39m
            [33mclass[39m=[32m"menu-icon"[39m
          [36m>[39m
            [36m<svg[39m
              [33maria-hidden[39m=[32m"true"[39m
              [33mclass[39m=[32m"lucide lucide-menu"[39m
              [33mfill[39m=[32m"none"[39m
              [33mheight[39m=[32m"24"[39m
              [33mstroke[39m=[32m"currentColor"[39m
              [33mstroke-linecap[39m=[32m"round"[39m
              [33mstroke-linejoin[39m=[32m"round"[39m
              [33mstroke-width[39m=[32m"2"[39m
              [33mviewBox[39m=[32m"0 0 24 24"[39m
              [33mwidth[39m=[32m"24"[39m
              [33mxmlns[39m=[32m"http://www.w3.org/2000/svg"[39m
            [36m>[39m
              [36m<path[39m
                [33md[39m=[32m"M4 5h16"[39m
              [36m/>[39m
              [36m<path[39m
                [33md[39m=[32m"M4 12h16"[39m
              [36m/>[39m
              [36m<path[39m
                [33md[39m=[32m"M4 19h16"[39m
              [36m/>[39m
            [36m</svg>[39m
          [36m</div>[39m
          [36m<ul[39m
            [33mclass[39m=[32m"nav-menu"[39m
          [36m>[39m
            [36m<li[39m
              [33mclass[39m=[32m"nav-item"[39m
            [36m>[39m
              [36m<a[39m
                [33mclass[39m=[32m"nav-links "[39m
                [33mdata-discover[39m=[32m"true"[39m
                [33mhref[39m=[32m"/booking"[39m
              [36m>[39m
                [36m<svg[39m
                  [33maria-hidden[39m=[32m"true"[39m
                  [33mclass[39m=[32m"lucide lucide-calendar"[39m
                  [33mfill[39m=[32m"none"[39m
                  [33mheight[39m=[32m"18"[39m
                  [33mstroke[39m=[32m"currentColor"[39m
                  [33mstroke-linecap[39m=[32m"round"[39m
                  [33mstroke-linejoin[39m=[32m"round"[39m
                  [33mstroke-width[39m=[32m"2"[39m
                  [33mviewBox[39m=[32m"0 0 24 24"[39m
                  [33mwidth[39m=[32m"18"[39m
                  [33mxmlns[39m=[32m"http://www.w3.org/2000/svg"[39m
                [36m>[39m
                  [36m<path[39m
                    [33md[39m=[32m"M8 2v4"[39m
                  [36m/>[39m
                  [36m<path[39m
                    [33md[39m=[32m"M16 2v4"[39m
                  [36m/>[39m
                  [36m<rect[39m
                    [33mheight[39m=[32m"18"[39m
                    [33mrx[39m=[32m"2"[39m
                    [33mwidth[39m=[32m"18"[39m
                    [33mx[39m=[32m"3"[39m
                    [33my[39m=[32m"4"[39m
                  [36m/>[39m
                  [36m<path[39m
                    [33md[39m=[32m"M3 10h18"[39m
                  [36m/>[39m
                [36m</svg>[39m
                [0m╫ö╫û╫₧╫á╫¬ ╫¬╫ò╫¿[0m
              [36m</a>[39m
            [36m</li>[39m
            [36m<li[39m
              [33mclass[39m=[32m"nav-item"[39m
            [36m>[39m
              [36m<a[39m
                [33mclass[39m=[32m"nav-links "[39m
                [33mdata-discover[39m=[32m"true"[39m
                [33mhref[39m=[32m"/manager/dashboard"[39m
              [36m>[39m
                [36m<svg[39m
                  [33maria-hidden[39m=[32m"true"[39m
                  [33mclass[39m=[32m"lucide lucide-layout-dashboard"[39m
                  [33mfill[39m=[32m"none"[39m
                  [33mheight[39m=[32m"18"[39m
                  [33mstroke[39m=[32m"currentColor"[39m
                  [33mstroke-linecap[39m=[32m"round"[39m
                  [33mstroke-linejoin[39m=[32m"round"[39m
                  [33mstroke-width[39m=[32m"2"[39m
                  [33mviewBox[39m=[32m"0 0 24 24"[39m
                  [33mwidth[39m=[32m"18"[39m
                  [33mxmlns[39m=[32m"http://www.w3.org/2000/svg"[39m
                [36m>[39m
                  [36m<rect[39m
                    [33mheight[39m=[32m"9"[39m
                    [33mrx[39m=[32m"1"[39m
                    [33mwidth[39m=[32m"7"[39m
                    [33mx[39m=[32m"3"[39m
                    [33my[39m=[32m"3"[39m
                  [36m/>[39m
                  [36m<rect[39m
                    [33mheight[39m=[32m"5"[39m
                    [33mrx[39m=[32m"1"[39m
                    [33mwidth[39m=[32m"7"[39m
                    [33mx[39m=[32m"14"[39m
                    [33my[39m=[32m"3"[39m
                  [36m/>[39m
                  [36m<rect[39m
                    [33mheight[39m=[32m"9"[39m
                    [33mrx[39m=[32m"1"[39m
                    [33mwidth[39m=[32m"7"[39m
                    [33mx[39m=[32m"14"[39m
                    [33my[39m=[32m"12"[39m
                  [36m/>[39m
                  [36m<rect[39m
                    [33mheight[39m=[32m"5"[39m
                    [33mrx[39m=[32m"1"[39m
                    [33mwidth[39m=[32m"7"[39m
                    [33mx[39m=[32m"3"[39m
                    [33my[39m=[32m"16"[39m
                  [36m/>[39m
                [36m</svg>[39m
                [0m╫ô╫É╫⌐╫æ╫ò╫¿╫ô ╫₧╫á╫ö╫£[0m
              [36m</a>[39m
            [36m</li>[39m
            [36m<li[39m
              [33mclass[39m=[32m"nav-item"[39m
            [36m>[39m
              [36m<a[39m
                [33mclass[39m=[32m"nav-links "[39m
                [33mdata-discover[39m=[32m"true"[39m
                [33mhref[39m=[32m"/employee/shifts"[39m
              [36m>[39m
                [36m<svg[39m
                  [33maria-hidden[39m=[32m"true"[39m
                  [33mclass[39m=[32m"lucide lucide-clock"[39m
                  [33mfill[39m=[32m"none"[39m
                  [33mheight[39m=[32m"18"[39m
                  [33mstroke[39m=[32m"currentColor"[39m
                  [33mstroke-linecap[39m=[32m"round"[39m
                  [33mstroke-linejoin[39m=[32m"round"[39m
                  [33mstroke-width[39m=[32m"2"[39m
                  [33mviewBox[39m=[32m"0 0 24 24"[39m
                  [33mwidth[39m=[32m"18"[39m
                  [33mxmlns[39m=[32m"http://www.w3.org/2000/svg"[39m
                [36m>[39m
                  [36m<circle[39m
                    [33mcx[39m=[32m"12"[39m
                    [33mcy[39m=[32m"12"[39m
                    [33mr[39m=[32m"10"[39m
                  [36m/>[39m
                  [36m<path[39m
                    [33md[39m=[32m"M12 6v6l4 2"[39m
                  [36m/>[39m
                [36m</svg>[39m
                [0m╫ö╫₧╫⌐╫₧╫¿╫ò╫¬ ╫⌐╫£╫Ö[0m
              [36m</a>[39m
            [36m</li>[39m
            [36m<li[39m
              [33mclass[39m=[32m"nav-item"[39m
            [36m>[39m
              [36m<a[39m
                [33mclass[39m=[32m"nav-links "[39m
                [33mdata-discover[39m=[32m"true"[39m
                [33mhref[39m=[32m"/employee/availability"[39m
              [36m>[39m
                [36m<svg[39m
                  [33maria-hidden[39m=[32m"true"[39m
                  [33mclass[39m=[32m"lucide lucide-circle-check-big"[39m
                  [33mfill[39m=[32m"none"[39m
                  [33mheight[39m=[32m"18"[39m
                  [33mstroke[39m=[32m"currentColor"[39m
                  [33mstroke-linecap[39m=[32m"round"[39m
                  [33mstroke-linejoin[39m=[32m"round"[39m
                  [33mstroke-width[39m=[32m"2"[39m
                  [33mviewBox[39m=[32m"0 0 24 24"[39m
                  [33mwidth[39m=[32m"18"[39m
                  [33mxmlns[39m=[32m"http://www.w3.org/2000/svg"[39m
                [36m>[39m
                  [36m<path[39m
                    [33md[39m=[32m"M21.801 10A10 10 0 1 1 17 3.335"[39m
                  [36m/>[39m
                  [36m<path[39m
                    [33md[39m=[32m"m9 11 3 3L22 4"[39m
                  [36m/>[39m
                [36m</svg>[39m
                [0m╫ö╫û╫á╫¬ ╫û╫₧╫Ö╫á╫ò╫¬[0m
              [36m</a>[39m
            [36m</li>[39m
            [36m<li[39m
              [33mclass[39m=[32m"nav-item auth-item"[39m
            [36m>[39m
              [36m<a[39m
                [33mclass[39m=[32m"nav-links "[39m
                [33mdata-discover[39m=[32m"true"[39m
                [33mhref[39m=[32m"/login"[39m
              [36m>[39m
                [36m<svg[39m
                  [33maria-hidden[39m=[32m"true"[39m
                  [33mclass[39m=[32m"lucide lucide-log-in"[39m
                  [33mfill[39m=[32m"none"[39m
                  [33mheight[39m=[32m"18"[39m
                  [33mstroke[39m=[32m"currentColor"[39m
                  [33mstroke-linecap[39m=[32m"round"[39m
                  [33mstroke-linejoin[39m=[32m"round"[39m
                  [33mstroke-width[39m=[32m"2"[39m
                  [33mviewBox[39m=[32m"0 0 24 24"[39m
                  [33mwidth[39m=[32m"18"[39m
                  [33mxmlns[39m=[32m"http://www.w3.org/2000/svg"[39m
                [36m>[39m
                  [36m<path[39m
                    [33md[39m=[32m"m10 17 5-5-5-5"[39m
                  [36m/>[39m
                  [36m<path[39m
                    [33md[39m=[32m"M15 12H3"[39m
                  [36m/>[39m
                  [36m<path[39m
                    [33md[39m=[32m"M15 3h4a2 2 0 0 1 2 2v14a2 2 0 0 1-2 2h-4"[39m
                  [36m/>[39m
                [36m</svg>[39m
                [0m╫ö╫¬╫ù╫æ╫¿╫ò╫¬[0m
              [36m</a>[39m
            [36m</li>[39m
          [36m</ul>[39m
        [36m</div>[39m
      [36m</nav>[39m
    [36m</div>[39m
  [36m</body>[39m
[36m</html>[39m
[36m [2mΓ¥»[22m src/components/Navbar/Navbar.test.jsx:[2m36:42[22m[39m
    [90m 34|[39m
    [90m 35|[39m     [35mawait[39m [34mwaitFor[39m(() [33m=>[39m {
    [90m 36|[39m       [34mexpect[39m(screen[33m.[39m[34mgetByText[39m([32m'╫ö╫¬╫ù╫æ╫¿╫ò╫¬'[39m))[33m.[39m
[34mtoBeInDocument[39m()[33m;[39m
    [90m   |[39m                                          [31m^[39m
    [90m 37|[39m       [34mexpect[39m(screen[33m.[39m[34mqueryByText[39m([32m'╫ö╫¬╫á╫¬╫º'[39m))[33m.[39mnot
[33m.[39m[34mtoBeInDocument[39m()[33m;[39m
    [90m 38|[39m     })[33m;[39m
[90m [2mΓ¥»[22m runWithExpensiveErrorDiagnosticsDisabled 
node_modules/@testing-library/dom/dist/config.js:[2m47:12[22m[39m
[90m [2mΓ¥»[22m checkCallback node_modules/@testing-library/dom/dist/wait-for.js:[2m124:77[22m[39m
[90m [2mΓ¥»[22m Timeout.checkRealTimersCallback 
node_modules/@testing-library/dom/dist/wait-for.js:[2m118:16[22m[39m

[31m[2mΓÄ»ΓÄ»ΓÄ»ΓÄ»ΓÄ»ΓÄ»ΓÄ»ΓÄ»ΓÄ»ΓÄ»ΓÄ»ΓÄ»ΓÄ»ΓÄ»ΓÄ»ΓÄ»ΓÄ»ΓÄ»ΓÄ»ΓÄ»ΓÄ»ΓÄ»ΓÄ»[9/10]ΓÄ»[22m[39m

[41m[1m FAIL [22m[49m src/components/Navbar/Navbar.test.jsx[2m > [22mNavbar Component[2m > [22mrenders logout 
button when user is logged in
[31m[1mError[22m[39m: Invalid Chai property: toBeInDocument. Did you mean "toBeInTheDocument"?

Ignored nodes: comments, script, style
[36m<html>[39m
  [36m<head />[39m
  [36m<body>[39m
    [36m<div>[39m
      [36m<nav[39m
        [33mclass[39m=[32m"navbar"[39m
      [36m>[39m
        [36m<div[39m
          [33mclass[39m=[32m"navbar-container"[39m
        [36m>[39m
          [36m<a[39m
            [33mclass[39m=[32m"navbar-logo"[39m
            [33mdata-discover[39m=[32m"true"[39m
            [33mhref[39m=[32m"/"[39m
          [36m>[39m
            [36m<svg[39m
              [33maria-hidden[39m=[32m"true"[39m
              [33mclass[39m=[32m"lucide lucide-scissors logo-icon"[39m
              [33mfill[39m=[32m"none"[39m
              [33mheight[39m=[32m"24"[39m
              [33mstroke[39m=[32m"currentColor"[39m
              [33mstroke-linecap[39m=[32m"round"[39m
              [33mstroke-linejoin[39m=[32m"round"[39m
              [33mstroke-width[39m=[32m"2"[39m
              [33mviewBox[39m=[32m"0 0 24 24"[39m
              [33mwidth[39m=[32m"24"[39m
              [33mxmlns[39m=[32m"http://www.w3.org/2000/svg"[39m
            [36m>[39m
              [36m<circle[39m
                [33mcx[39m=[32m"6"[39m
                [33mcy[39m=[32m"6"[39m
                [33mr[39m=[32m"3"[39m
              [36m/>[39m
              [36m<path[39m
                [33md[39m=[32m"M8.12 8.12 12 12"[39m
              [36m/>[39m
              [36m<path[39m
                [33md[39m=[32m"M20 4 8.12 15.88"[39m
              [36m/>[39m
              [36m<circle[39m
                [33mcx[39m=[32m"6"[39m
                [33mcy[39m=[32m"18"[39m
                [33mr[39m=[32m"3"[39m
              [36m/>[39m
              [36m<path[39m
                [33md[39m=[32m"M14.8 14.8 20 20"[39m
              [36m/>[39m
            [36m</svg>[39m
            [36m<span>[39m
              [0mBeautySync[0m
            [36m</span>[39m
          [36m</a>[39m
          [36m<div[39m
            [33mclass[39m=[32m"menu-icon"[39m
          [36m>[39m
            [36m<svg[39m
              [33maria-hidden[39m=[32m"true"[39m
              [33mclass[39m=[32m"lucide lucide-menu"[39m
              [33mfill[39m=[32m"none"[39m
              [33mheight[39m=[32m"24"[39m
              [33mstroke[39m=[32m"currentColor"[39m
              [33mstroke-linecap[39m=[32m"round"[39m
              [33mstroke-linejoin[39m=[32m"round"[39m
              [33mstroke-width[39m=[32m"2"[39m
              [33mviewBox[39m=[32m"0 0 24 24"[39m
              [33mwidth[39m=[32m"24"[39m
              [33mxmlns[39m=[32m"http://www.w3.org/2000/svg"[39m
            [36m>[39m
              [36m<path[39m
                [33md[39m=[32m"M4 5h16"[39m
              [36m/>[39m
              [36m<path[39m
                [33md[39m=[32m"M4 12h16"[39m
              [36m/>[39m
              [36m<path[39m
                [33md[39m=[32m"M4 19h16"[39m
              [36m/>[39m
            [36m</svg>[39m
          [36m</div>[39m
          [36m<ul[39m
            [33mclass[39m=[32m"nav-menu"[39m
          [36m>[39m
            [36m<li[39m
              [33mclass[39m=[32m"nav-item"[39m
            [36m>[39m
              [36m<a[39m
                [33mclass[39m=[32m"nav-links "[39m
                [33mdata-discover[39m=[32m"true"[39m
                [33mhref[39m=[32m"/booking"[39m
              [36m>[39m
                [36m<svg[39m
                  [33maria-hidden[39m=[32m"true"[39m
                  [33mclass[39m=[32m"lucide lucide-calendar"[39m
                  [33mfill[39m=[32m"none"[39m
                  [33mheight[39m=[32m"18"[39m
                  [33mstroke[39m=[32m"currentColor"[39m
                  [33mstroke-linecap[39m=[32m"round"[39m
                  [33mstroke-linejoin[39m=[32m"round"[39m
                  [33mstroke-width[39m=[32m"2"[39m
                  [33mviewBox[39m=[32m"0 0 24 24"[39m
                  [33mwidth[39m=[32m"18"[39m
                  [33mxmlns[39m=[32m"http://www.w3.org/2000/svg"[39m
                [36m>[39m
                  [36m<path[39m
                    [33md[39m=[32m"M8 2v4"[39m
                  [36m/>[39m
                  [36m<path[39m
                    [33md[39m=[32m"M16 2v4"[39m
                  [36m/>[39m
                  [36m<rect[39m
                    [33mheight[39m=[32m"18"[39m
                    [33mrx[39m=[32m"2"[39m
                    [33mwidth[39m=[32m"18"[39m
                    [33mx[39m=[32m"3"[39m
                    [33my[39m=[32m"4"[39m
                  [36m/>[39m
                  [36m<path[39m
                    [33md[39m=[32m"M3 10h18"[39m
                  [36m/>[39m
                [36m</svg>[39m
                [0m╫ö╫û╫₧╫á╫¬ ╫¬╫ò╫¿[0m
              [36m</a>[39m
            [36m</li>[39m
            [36m<li[39m
              [33mclass[39m=[32m"nav-item"[39m
            [36m>[39m
              [36m<a[39m
                [33mclass[39m=[32m"nav-links "[39m
                [33mdata-discover[39m=[32m"true"[39m
                [33mhref[39m=[32m"/manager/dashboard"[39m
              [36m>[39m
                [36m<svg[39m
                  [33maria-hidden[39m=[32m"true"[39m
                  [33mclass[39m=[32m"lucide lucide-layout-dashboard"[39m
                  [33mfill[39m=[32m"none"[39m
                  [33mheight[39m=[32m"18"[39m
                  [33mstroke[39m=[32m"currentColor"[39m
                  [33mstroke-linecap[39m=[32m"round"[39m
                  [33mstroke-linejoin[39m=[32m"round"[39m
                  [33mstroke-width[39m=[32m"2"[39m
                  [33mviewBox[39m=[32m"0 0 24 24"[39m
                  [33mwidth[39m=[32m"18"[39m
                  [33mxmlns[39m=[32m"http://www.w3.org/2000/svg"[39m
                [36m>[39m
                  [36m<rect[39m
                    [33mheight[39m=[32m"9"[39m
                    [33mrx[39m=[32m"1"[39m
                    [33mwidth[39m=[32m"7"[39m
                    [33mx[39m=[32m"3"[39m
                    [33my[39m=[32m"3"[39m
                  [36m/>[39m
                  [36m<rect[39m
                    [33mheight[39m=[32m"5"[39m
                    [33mrx[39m=[32m"1"[39m
                    [33mwidth[39m=[32m"7"[39m
                    [33mx[39m=[32m"14"[39m
                    [33my[39m=[32m"3"[39m
                  [36m/>[39m
                  [36m<rect[39m
                    [33mheight[39m=[32m"9"[39m
                    [33mrx[39m=[32m"1"[39m
                    [33mwidth[39m=[32m"7"[39m
                    [33mx[39m=[32m"14"[39m
                    [33my[39m=[32m"12"[39m
                  [36m/>[39m
                  [36m<rect[39m
                    [33mheight[39m=[32m"5"[39m
                    [33mrx[39m=[32m"1"[39m
                    [33mwidth[39m=[32m"7"[39m
                    [33mx[39m=[32m"3"[39m
                    [33my[39m=[32m"16"[39m
                  [36m/>[39m
                [36m</svg>[39m
                [0m╫ô╫É╫⌐╫æ╫ò╫¿╫ô ╫₧╫á╫ö╫£[0m
              [36m</a>[39m
            [36m</li>[39m
            [36m<li[39m
              [33mclass[39m=[32m"nav-item"[39m
            [36m>[39m
              [36m<a[39m
                [33mclass[39m=[32m"nav-links "[39m
                [33mdata-discover[39m=[32m"true"[39m
                [33mhref[39m=[32m"/employee/shifts"[39m
              [36m>[39m
                [36m<svg[39m
                  [33maria-hidden[39m=[32m"true"[39m
                  [33mclass[39m=[32m"lucide lucide-clock"[39m
                  [33mfill[39m=[32m"none"[39m
                  [33mheight[39m=[32m"18"[39m
                  [33mstroke[39m=[32m"currentColor"[39m
                  [33mstroke-linecap[39m=[32m"round"[39m
                  [33mstroke-linejoin[39m=[32m"round"[39m
                  [33mstroke-width[39m=[32m"2"[39m
                  [33mviewBox[39m=[32m"0 0 24 24"[39m
                  [33mwidth[39m=[32m"18"[39m
                  [33mxmlns[39m=[32m"http://www.w3.org/2000/svg"[39m
                [36m>[39m
                  [36m<circle[39m
                    [33mcx[39m=[32m"12"[39m
                    [33mcy[39m=[32m"12"[39m
                    [33mr[39m=[32m"10"[39m
                  [36m/>[39m
                  [36m<path[39m
                    [33md[39m=[32m"M12 6v6l4 2"[39m
                  [36m/>[39m
                [36m</svg>[39m
                [0m╫ö╫₧╫⌐╫₧╫¿╫ò╫¬ ╫⌐╫£╫Ö[0m
              [36m</a>[39m
            [36m</li>[39m
            [36m<li[39m
              [33mclass[39m=[32m"nav-item"[39m
            [36m>[39m
              [36m<a[39m
                [33mclass[39m=[32m"nav-links "[39m
                [33mdata-discover[39m=[32m"true"[39m
                [33mhref[39m=[32m"/employee/availability"[39m
              [36m>[39m
                [36m<svg[39m
                  [33maria-hidden[39m=[32m"true"[39m
                  [33mclass[39m=[32m"lucide lucide-circle-check-big"[39m
                  [33mfill[39m=[32m"none"[39m
                  [33mheight[39m=[32m"18"[39m
                  [33mstroke[39m=[32m"currentColor"[39m
                  [33mstroke-linecap[39m=[32m"round"[39m
                  [33mstroke-linejoin[39m=[32m"round"[39m
                  [33mstroke-width[39m=[32m"2"[39m
                  [33mviewBox[39m=[32m"0 0 24 24"[39m
                  [33mwidth[39m=[32m"18"[39m
                  [33mxmlns[39m=[32m"http://www.w3.org/2000/svg"[39m
                [36m>[39m

[2m Test Files [22m [1m[31m3 failed[39m[22m[90m (3)[39m
[2m      Tests [22m [1m[31m10 failed[39m[22m[2m | [22m[1m[32m1 passed[39m[22m[90m (11)[39m
[2m   Start at [22m 22:30:21
[2m   Duration [22m 4.38s[2m (transform 133ms, setup 385ms, import 542ms, tests 5.17s, environment 2.66s)[22m

                  [36m<path[39m
                    [33md[39m=[32m"M21.801 10A10 10 0 1 1 17 3.335"[39m
                  [36m/>[39m
                  [36m<path[39m
                    [33md[39m=[32m"m9 11 3 3L22 4"[39m
                  [36m/>[39m
                [36m</svg>[39m
                [0m╫ö╫û╫á╫¬ ╫û╫₧╫Ö╫á╫ò╫¬[0m
              [36m</a>[39m
            [36m</li>[39m
            [36m<li[39m
              [33mclass[39m=[32m"nav-item auth-item"[39m
            [36m>[39m
              [36m<button[39m
                [33mclass[39m=[32m"nav-links logout-btn"[39m
              [36m>[39m
                [36m<svg[39m
                  [33maria-hidden[39m=[32m"true"[39m
                  [33mclass[39m=[32m"lucide lucide-log-out"[39m
                  [33mfill[39m=[32m"none"[39m
                  [33mheight[39m=[32m"18"[39m
                  [33mstroke[39m=[32m"currentColor"[39m
                  [33mstroke-linecap[39m=[32m"round"[39m
                  [33mstroke-linejoin[39m=[32m"round"[39m
                  [33mstroke-width[39m=[32m"2"[39m
                  [33mviewBox[39m=[32m"0 0 24 24"[39m
                  [33mwidth[39m=[32m"18"[39m
                  [33mxmlns[39m=[32m"http://www.w3.org/2000/svg"[39m
                [36m>[39m
                  [36m<path[39m
                    [33md[39m=[32m"m16 17 5-5-5-5"[39m
                  [36m/>[39m
                  [36m<path[39m
                    [33md[39m=[32m"M21 12H9"[39m
                  [36m/>[39m
                  [36m<path[39m
                    [33md[39m=[32m"M9 21H5a2 2 0 0 1-2-2V5a2 2 0 0 1 2-2h4"[39m
                  [36m/>[39m
                [36m</svg>[39m
                [0m╫ö╫¬╫á╫¬╫º[0m
              [36m</button>[39m
            [36m</li>[39m
          [36m</ul>[39m
        [36m</div>[39m
      [36m</nav>[39m
    [36m</div>[39m
  [36m</body>[39m
[36m</html>[39m
[36m [2mΓ¥»[22m src/components/Navbar/Navbar.test.jsx:[2m47:40[22m[39m
    [90m 45|[39m
    [90m 46|[39m     [35mawait[39m [34mwaitFor[39m(() [33m=>[39m {
    [90m 47|[39m       [34mexpect[39m(screen[33m.[39m[34mgetByText[39m([32m'╫ö╫¬╫á╫¬╫º'[39m))[33m.[39m[34m
toBeInDocument[39m()[33m;[39m
    [90m   |[39m                                        [31m^[39m
    [90m 48|[39m       [34mexpect[39m(screen[33m.[39m[34mqueryByText[39m([32m'╫ö╫¬╫ù╫æ╫¿╫ò╫¬'[39m))[33m.[39
mnot[33m.[39m[34mtoBeInDocument[39m()[33m;[39m
    [90m 49|[39m     })[33m;[39m
[90m [2mΓ¥»[22m runWithExpensiveErrorDiagnosticsDisabled 
node_modules/@testing-library/dom/dist/config.js:[2m47:12[22m[39m
[90m [2mΓ¥»[22m checkCallback node_modules/@testing-library/dom/dist/wait-for.js:[2m124:77[22m[39m
[90m [2mΓ¥»[22m Timeout.checkRealTimersCallback 
node_modules/@testing-library/dom/dist/wait-for.js:[2m118:16[22m[39m

[31m[2mΓÄ»ΓÄ»ΓÄ»ΓÄ»ΓÄ»ΓÄ»ΓÄ»ΓÄ»ΓÄ»ΓÄ»ΓÄ»ΓÄ»ΓÄ»ΓÄ»ΓÄ»ΓÄ»ΓÄ»ΓÄ»ΓÄ»ΓÄ»ΓÄ»ΓÄ»[10/10]ΓÄ»[22m[39m

